[aditya-academy-secondary-b34262.ingress-bonde.ewp.live/index.html]
[backblue.gif]
[fade.gif]
[index.html]
[aditya-academy-secondary-b34262.ingress-bonde.ewp.live/wp-content/themes/astra/assets/css/minified/main.min3fd0.css]
[aditya-academy-secondary-b34262.ingress-bonde.ewp.live/feed/index.html]
[aditya-academy-secondary-b34262.ingress-bonde.ewp.live/comments/feed/index.html]
[aditya-academy-secondary-b34262.ingress-bonde.ewp.live/wp-includes/css/dist/block-library/style.minf049.css]
[aditya-academy-secondary-b34262.ingress-bonde.ewp.live/wp-content/plugins/wpforms-lite/assets/css/wpforms-base.mine945.css]
[aditya-academy-secondary-b34262.ingress-bonde.ewp.live/wp-content/plugins/elementor/assets/lib/eicons/css/elementor-icons.min7816.css]
[aditya-academy-secondary-b34262.ingress-bonde.ewp.live/wp-content/plugins/elementor/assets/css/frontend-lite.min1ed5.css]
[aditya-academy-secondary-b34262.ingress-bonde.ewp.live/wp-content/uploads/elementor/css/post-465d025.css]
[aditya-academy-secondary-b34262.ingress-bonde.ewp.live/wp-content/uploads/elementor/css/post-466ff5d.css]
[aditya-academy-secondary-b34262.ingress-bonde.ewp.live/wp-content/plugins/elementor/assets/lib/font-awesome/css/fontawesome.min52d5.css]
[aditya-academy-secondary-b34262.ingress-bonde.ewp.live/wp-content/plugins/elementor/assets/lib/font-awesome/css/regular.min52d5.css]
[aditya-academy-secondary-b34262.ingress-bonde.ewp.live/wp-content/plugins/elementor/assets/lib/font-awesome/css/solid.min52d5.css]
[aditya-academy-secondary-b34262.ingress-bonde.ewp.live/wp-json/index.html]
[aditya-academy-secondary-b34262.ingress-bonde.ewp.live/wp-json/wp/v2/pages/466.json]
[aditya-academy-secondary-b34262.ingress-bonde.ewp.live/xmlrpc0db0.php]
[aditya-academy-secondary-b34262.ingress-bonde.ewp.live/wp-includes/wlwmanifest.xml]
[aditya-academy-secondary-b34262.ingress-bonde.ewp.live/wp-json/oembed/1.0/embed7ed2.json]
[aditya-academy-secondary-b34262.ingress-bonde.ewp.live/wp-json/oembed/1.0/embed34f4]
[aditya-academy-secondary-b34262.ingress-bonde.ewp.live/wp-content/uploads/2022/06/aditya-academy-senior-secondary-school-s20533-120x120.jpg]
[aditya-academy-secondary-b34262.ingress-bonde.ewp.live/wp-content/uploads/2022/06/OIP-6.jpg]
[aditya-academy-secondary-b34262.ingress-bonde.ewp.live/about/index.html]
[aditya-academy-secondary-b34262.ingress-bonde.ewp.live/activities/index.html]
[aditya-academy-secondary-b34262.ingress-bonde.ewp.live/academics/index.html]
[aditya-academy-secondary-b34262.ingress-bonde.ewp.live/wp-content/uploads/2022/06/OIP-2-1.jpg]
[aditya-academy-secondary-b34262.ingress-bonde.ewp.live/contact/index.html]
[aditya-academy-secondary-b34262.ingress-bonde.ewp.live/wp-content/uploads/2022/06/OIP-3-1.jpg]
[aditya-academy-secondary-b34262.ingress-bonde.ewp.live/wp-content/uploads/2022/06/OIP-5-2.jpg]
[aditya-academy-secondary-b34262.ingress-bonde.ewp.live/wp-content/uploads/2022/06/OIP-4-1.jpg]
[aditya-academy-secondary-b34262.ingress-bonde.ewp.live/wp-content/uploads/2022/06/0-1.jpg]
[aditya-academy-secondary-b34262.ingress-bonde.ewp.live/wp-content/uploads/2022/06/Event-Pic-5.jpg]
[aditya-academy-secondary-b34262.ingress-bonde.ewp.live/wp-content/plugins/elementor/assets/css/widget-icon-box.min.css]
[aditya-academy-secondary-b34262.ingress-bonde.ewp.live/wp-content/plugins/elementor/assets/lib/animations/animations.min1ed5.css]
[aditya-academy-secondary-b34262.ingress-bonde.ewp.live/wp-content/themes/astra/assets/js/minified/frontend.min3fd0.js]
[aditya-academy-secondary-b34262.ingress-bonde.ewp.live/wp-includes/js/jquery/jquery.minaf6c.js]
[aditya-academy-secondary-b34262.ingress-bonde.ewp.live/wp-includes/js/jquery/jquery-migrate.mind617.js]
[aditya-academy-secondary-b34262.ingress-bonde.ewp.live/wp-content/plugins/elementor/assets/lib/jquery-numerator/jquery-numerator.min3958.js]
[aditya-academy-secondary-b34262.ingress-bonde.ewp.live/wp-content/plugins/elementor/assets/js/webpack.runtime.min1ed5.js]
[aditya-academy-secondary-b34262.ingress-bonde.ewp.live/wp-content/plugins/elementor/assets/js/frontend-modules.min1ed5.js]
[aditya-academy-secondary-b34262.ingress-bonde.ewp.live/wp-content/plugins/elementor/assets/lib/waypoints/waypoints.min05da.js]
[aditya-academy-secondary-b34262.ingress-bonde.ewp.live/wp-includes/js/jquery/ui/core.min0028.js]
[aditya-academy-secondary-b34262.ingress-bonde.ewp.live/wp-content/plugins/elementor/assets/js/frontend.min1ed5.js]
[aditya-academy-secondary-b34262.ingress-bonde.ewp.live/wp-includes/js/underscore.minb37e.js]
[aditya-academy-secondary-b34262.ingress-bonde.ewp.live/wp-includes/js/wp-util.minf049.js]
[aditya-academy-secondary-b34262.ingress-bonde.ewp.live/wp-content/plugins/wpforms-lite/assets/js/integrations/elementor/frontend.mine945.js]
[aditya-academy-secondary-b34262.ingress-bonde.ewp.live/wp-content/plugins/wpforms-lite/assets/js/jquery.validate.min6134.js]
[aditya-academy-secondary-b34262.ingress-bonde.ewp.live/wp-content/plugins/wpforms-lite/assets/js/mailcheck.mincfa9.js]
[aditya-academy-secondary-b34262.ingress-bonde.ewp.live/wp-content/plugins/wpforms-lite/assets/js/punycode.min8a54.js]
[aditya-academy-secondary-b34262.ingress-bonde.ewp.live/wp-content/plugins/wpforms-lite/assets/js/wpforms.mine945.js]
[aditya-academy-secondary-b34262.ingress-bonde.ewp.live/index.html]
[aditya-academy-secondary-b34262.ingress-bonde.ewp.live/wp-content/themes/astra/assets/css/minified/main.min3fd0.css]
[aditya-academy-secondary-b34262.ingress-bonde.ewp.live/wp-includes/css/dist/block-library/style.minf049.css]
[aditya-academy-secondary-b34262.ingress-bonde.ewp.live/wp-content/plugins/wpforms-lite/assets/css/wpforms-base.mine945.css]
[aditya-academy-secondary-b34262.ingress-bonde.ewp.live/wp-content/plugins/wpforms-lite/assets/images/times-solid-white.svg]
[aditya-academy-secondary-b34262.ingress-bonde.ewp.live/wp-content/plugins/elementor/assets/lib/eicons/fonts/eicons5519.eot]
[aditya-academy-secondary-b34262.ingress-bonde.ewp.live/wp-content/plugins/elementor/assets/lib/eicons/fonts/eicons5519.woff2]
[aditya-academy-secondary-b34262.ingress-bonde.ewp.live/wp-content/plugins/elementor/assets/lib/eicons/fonts/eicons5519.woff]
[aditya-academy-secondary-b34262.ingress-bonde.ewp.live/wp-content/plugins/elementor/assets/lib/eicons/fonts/eicons5519.ttf]
[aditya-academy-secondary-b34262.ingress-bonde.ewp.live/wp-content/plugins/elementor/assets/lib/eicons/css/elementor-icons.min7816.css]
[aditya-academy-secondary-b34262.ingress-bonde.ewp.live/wp-content/plugins/elementor/assets/css/frontend-lite.min1ed5.css]
[aditya-academy-secondary-b34262.ingress-bonde.ewp.live/wp-content/uploads/elementor/css/post-465d025.css]
[aditya-academy-secondary-b34262.ingress-bonde.ewp.live/wp-content/plugins/elementor/assets/lib/eicons/fonts/eicons5519.svg]
[aditya-academy-secondary-b34262.ingress-bonde.ewp.live/wp-content/uploads/2022/06/R.jpg]
[aditya-academy-secondary-b34262.ingress-bonde.ewp.live/wp-content/uploads/elementor/css/post-466ff5d.css]
[aditya-academy-secondary-b34262.ingress-bonde.ewp.live/wp-content/plugins/elementor/assets/lib/font-awesome/css/fontawesome.min52d5.css]
[aditya-academy-secondary-b34262.ingress-bonde.ewp.live/wp-content/plugins/elementor/assets/lib/font-awesome/webfonts/fa-regular-400.eot]
[aditya-academy-secondary-b34262.ingress-bonde.ewp.live/wp-content/plugins/elementor/assets/lib/font-awesome/webfonts/fa-regular-400d41d.eot]
[aditya-academy-secondary-b34262.ingress-bonde.ewp.live/wp-content/plugins/elementor/assets/lib/font-awesome/webfonts/fa-regular-400.woff2]
[aditya-academy-secondary-b34262.ingress-bonde.ewp.live/wp-content/plugins/elementor/assets/lib/font-awesome/webfonts/fa-regular-400.woff]
[aditya-academy-secondary-b34262.ingress-bonde.ewp.live/wp-content/plugins/elementor/assets/lib/font-awesome/webfonts/fa-regular-400.ttf]
[aditya-academy-secondary-b34262.ingress-bonde.ewp.live/wp-content/plugins/elementor/assets/lib/font-awesome/css/regular.min52d5.css]
[aditya-academy-secondary-b34262.ingress-bonde.ewp.live/wp-content/plugins/elementor/assets/lib/font-awesome/webfonts/fa-regular-400.svg]
[aditya-academy-secondary-b34262.ingress-bonde.ewp.live/wp-content/plugins/elementor/assets/lib/font-awesome/webfonts/fa-solid-900.eot]
[aditya-academy-secondary-b34262.ingress-bonde.ewp.live/wp-content/plugins/elementor/assets/lib/font-awesome/webfonts/fa-solid-900d41d.eot]
[aditya-academy-secondary-b34262.ingress-bonde.ewp.live/wp-content/plugins/elementor/assets/lib/font-awesome/webfonts/fa-solid-900.woff2]
[aditya-academy-secondary-b34262.ingress-bonde.ewp.live/wp-content/plugins/elementor/assets/lib/font-awesome/webfonts/fa-solid-900.woff]
[aditya-academy-secondary-b34262.ingress-bonde.ewp.live/wp-content/plugins/elementor/assets/lib/font-awesome/webfonts/fa-solid-900.ttf]
[aditya-academy-secondary-b34262.ingress-bonde.ewp.live/wp-content/plugins/elementor/assets/lib/font-awesome/css/solid.min52d5.css]
[aditya-academy-secondary-b34262.ingress-bonde.ewp.live/wp-content/plugins/elementor/assets/lib/font-awesome/webfonts/fa-solid-900.svg]
[aditya-academy-secondary-b34262.ingress-bonde.ewp.live/wp-content/uploads/elementor/css/post-1529b46.css]
[aditya-academy-secondary-b34262.ingress-bonde.ewp.live/wp-json/wp/v2/pages/152.json]
[aditya-academy-secondary-b34262.ingress-bonde.ewp.live/wp-json/oembed/1.0/embedcf93.json]
[aditya-academy-secondary-b34262.ingress-bonde.ewp.live/wp-json/oembed/1.0/embed1c30]
[aditya-academy-secondary-b34262.ingress-bonde.ewp.live/wp-content/uploads/2022/06/Late-Bhaskar-Aditya.jpg]
[aditya-academy-secondary-b34262.ingress-bonde.ewp.live/wp-content/uploads/2022/06/Sabita-mam@.webp]
[aditya-academy-secondary-b34262.ingress-bonde.ewp.live/about/index.html]
[aditya-academy-secondary-b34262.ingress-bonde.ewp.live/wp-content/uploads/elementor/css/post-1538472.css]
[aditya-academy-secondary-b34262.ingress-bonde.ewp.live/wp-json/wp/v2/pages/153.json]
[aditya-academy-secondary-b34262.ingress-bonde.ewp.live/wp-json/oembed/1.0/embed2e34.json]
[aditya-academy-secondary-b34262.ingress-bonde.ewp.live/wp-json/oembed/1.0/embed208b]
[aditya-academy-secondary-b34262.ingress-bonde.ewp.live/wp-content/uploads/2022/06/OIP-7.jpg]
[aditya-academy-secondary-b34262.ingress-bonde.ewp.live/wp-content/uploads/2022/06/OIP-2.jpg]
[aditya-academy-secondary-b34262.ingress-bonde.ewp.live/wp-content/uploads/2022/06/OIP-3.jpg]
[aditya-academy-secondary-b34262.ingress-bonde.ewp.live/wp-content/uploads/2022/06/OIP-5-3.jpg]
[aditya-academy-secondary-b34262.ingress-bonde.ewp.live/wp-content/uploads/2022/06/OIP-4.jpg]
[aditya-academy-secondary-b34262.ingress-bonde.ewp.live/academics/index.html]
[aditya-academy-secondary-b34262.ingress-bonde.ewp.live/wp-content/uploads/elementor/css/post-1548472.css]
[aditya-academy-secondary-b34262.ingress-bonde.ewp.live/wp-json/wp/v2/pages/154.json]
[aditya-academy-secondary-b34262.ingress-bonde.ewp.live/wp-json/oembed/1.0/embed09d2.json]
[aditya-academy-secondary-b34262.ingress-bonde.ewp.live/wp-json/oembed/1.0/embed85d5]
[aditya-academy-secondary-b34262.ingress-bonde.ewp.live/wp-content/uploads/2022/06/OIP-1.jpg]
[aditya-academy-secondary-b34262.ingress-bonde.ewp.live/wp-content/uploads/2022/06/OIP.jpg]
[aditya-academy-secondary-b34262.ingress-bonde.ewp.live/wp-content/uploads/2022/06/istockphoto-174819675-612x612-1.jpg]
[aditya-academy-secondary-b34262.ingress-bonde.ewp.live/activities/index.html]
[aditya-academy-secondary-b34262.ingress-bonde.ewp.live/wp-content/uploads/elementor/css/post-155e54c.css]
[aditya-academy-secondary-b34262.ingress-bonde.ewp.live/wp-json/wp/v2/pages/155.json]
[aditya-academy-secondary-b34262.ingress-bonde.ewp.live/wp-json/oembed/1.0/embedb85d.json]
[aditya-academy-secondary-b34262.ingress-bonde.ewp.live/contact/index.html]
[aditya-academy-secondary-b34262.ingress-bonde.ewp.live/wp-content/plugins/elementor/assets/css/widget-icon-box.min.css]
[aditya-academy-secondary-b34262.ingress-bonde.ewp.live/wp-content/plugins/elementor/assets/lib/animations/animations.min1ed5.css]
[aditya-academy-secondary-b34262.ingress-bonde.ewp.live/wp-content/plugins/wpforms-lite/assets/images/times-solid-white.svg]
[aditya-academy-secondary-b34262.ingress-bonde.ewp.live/wp-content/plugins/elementor/assets/lib/eicons/fonts/eicons5519.svg]
[aditya-academy-secondary-b34262.ingress-bonde.ewp.live/wp-content/plugins/elementor/assets/lib/font-awesome/webfonts/fa-regular-400.svg]
[aditya-academy-secondary-b34262.ingress-bonde.ewp.live/wp-content/plugins/elementor/assets/lib/font-awesome/webfonts/fa-solid-900.svg]
[aditya-academy-secondary-b34262.ingress-bonde.ewp.live/wp-content/uploads/elementor/css/post-1529b46.css]
[aditya-academy-secondary-b34262.ingress-bonde.ewp.live/index1611.html]
[aditya-academy-secondary-b34262.ingress-bonde.ewp.live/wp-content/uploads/elementor/css/post-1538472.css]
[aditya-academy-secondary-b34262.ingress-bonde.ewp.live/indexd7d8.html]
[aditya-academy-secondary-b34262.ingress-bonde.ewp.live/wp-content/uploads/elementor/css/post-1548472.css]
[aditya-academy-secondary-b34262.ingress-bonde.ewp.live/index87e6.html]
[aditya-academy-secondary-b34262.ingress-bonde.ewp.live/wp-content/uploads/elementor/css/post-155e54c.css]
[aditya-academy-secondary-b34262.ingress-bonde.ewp.live/index43b2.html]
[aditya-academy-secondary-b34262.ingress-bonde.ewp.live/wp-json/oembed/1.0/embed2d3e]
